
> agrovoo@0.0.0 dev
> vite --host 127.0.0.1


  [32m[1mVITE[22m v5.4.21[39m  [2mready in [0m[1m623[22m[2m[0m ms[22m

  [32m➜[39m  [1mLocal[22m:   [36mhttp://127.0.0.1:[1m5173[22m/[39m
[2m[32m  ➜[39m[22m[2m  press [22m[1mh + enter[22m[2m to show help[22m
[2m13:37:39[22m [36m[1m[vite][22m[39m [32mhmr update [39m[2m/src/styles/App/Home.css[22m
[2m13:37:39[22m [36m[1m[vite][22m[39m [32mhmr update [39m[2m/src/styles/Global/AppHeader.css[22m
[2m13:37:40[22m [36m[1m[vite][22m[39m [32mhmr update [39m[2m/src/styles/App/Home.css[22m
[2m13:37:40[22m [36m[1m[vite][22m[39m [32mhmr update [39m[2m/src/styles/Global/MenuBar.css[22m
[2m13:42:31[22m [36m[1m[vite][22m[39m [32mhmr update [39m[2m/src/styles/App/Home.css[22m
[2m13:42:31[22m [36m[1m[vite][22m[39m [32mhmr update [39m[2m/src/styles/Global/AppHeader.css[22m
[2m13:42:31[22m [36m[1m[vite][22m[39m [32mhmr update [39m[2m/src/styles/Global/MenuBar.css[22m
[2m13:49:52[22m [36m[1m[vite][22m[39m [32mhmr update [39m[2m/src/styles/App/Home.css[22m
[2m13:49:52[22m [36m[1m[vite][22m[39m [32mhmr update [39m[2m/src/styles/Global/AppHeader.css[22m
[2m13:49:52[22m [36m[1m[vite][22m[39m [32mvite.config.js changed, restarting server...[39m
[2m13:49:52[22m [36m[1m[vite][22m[39m [32mpage reload [39m[2msrc/main.jsx[22m
[2m13:49:52[22m [36m[1m[vite][22m[39m [32mhmr update [39m[2m/src/styles/App/Home.css[22m
[2m13:49:52[22m [36m[1m[vite][22m[39m [32mhmr update [39m[2m/src/styles/Global/AppHeader.css[22m
[2m13:49:52[22m [36m[1m[vite][22m[39m [32mhmr update [39m[2m/src/styles/Global/MenuBar.css[22m
[2m13:49:52[22m [36m[1m[vite][22m[39m [32mvite.config.js changed, restarting server...[39m
[2m13:50:07[22m [36m[1m[vite][22m[39m server restarted.
[2m14:01:02[22m [36m[1m[vite][22m[39m [32mhmr update [39m[2m/src/styles/App/Home.css[22m
[2m14:06:58[22m [36m[1m[vite][22m[39m [32mhmr update [39m[2m/src/styles/App/Home.css[22m
[2m14:06:58[22m [36m[1m[vite][22m[39m [32mhmr update [39m[2m/src/styles/Global/AppHeader.css[22m
[2m14:06:58[22m [36m[1m[vite][22m[39m [32mhmr update [39m[2m/src/styles/Global/MenuBar.css[22m
[2m14:15:04[22m [36m[1m[vite][22m[39m [32mhmr update [39m[2m/src/styles/App/Home.css[22m
[2m14:15:04[22m [36m[1m[vite][22m[39m [32mhmr update [39m[2m/src/styles/Global/AppHeader.css[22m
[2m14:15:04[22m [36m[1m[vite][22m[39m [32mhmr update [39m[2m/src/styles/App/Home.css[22m
[2m14:15:04[22m [36m[1m[vite][22m[39m [32mhmr update [39m[2m/src/styles/Global/MenuBar.css[22m
[2m14:20:33[22m [36m[1m[vite][22m[39m [32mhmr update [39m[2m/src/styles/App/Home.css[22m
[2m14:20:33[22m [36m[1m[vite][22m[39m [32mhmr update [39m[2m/src/styles/Global/AppHeader.css[22m
[2m14:20:33[22m [36m[1m[vite][22m[39m [32mhmr update [39m[2m/src/styles/Global/MenuBar.css[22m
[2m14:22:05[22m [36m[1m[vite][22m[39m [32mhmr update [39m[2m/src/styles/App/Home.css[22m
[2m14:22:05[22m [36m[1m[vite][22m[39m [32mhmr update [39m[2m/src/styles/Global/AppHeader.css[22m
[2m14:22:05[22m [36m[1m[vite][22m[39m [32mhmr update [39m[2m/src/styles/Global/MenuBar.css[22m
[2m14:25:15[22m [36m[1m[vite][22m[39m [32mhmr update [39m[2m/src/components/App/Home/ParticleBackground.jsx[22m
[2m14:25:15[22m [36m[1m[vite][22m[39m [32mhmr update [39m[2m/src/components/App/Home/MouseGlow.jsx[22m
[2m14:25:15[22m [36m[1m[vite][22m[39m [32mhmr update [39m[2m/src/pages/App/Home.jsx[22m
[2m14:25:15[22m [36m[1m[vite][22m[39m [32mhmr update [39m[2m/src/components/App/Global/MenuBar.jsx[22m
[2m14:25:15[22m [36m[1m[vite][22m[39m [32mhmr update [39m[2m/src/components/App/System/SystemBarTheme.jsx[22m
[2m14:25:15[22m [36m[1m[vite][22m[39m [32mhmr update [39m[2m/src/styles/App/Home.css[22m
[2m14:27:59[22m [36m[1m[vite][22m[39m [32mhmr update [39m[2m/src/styles/App/Home.css[22m
[2m14:27:59[22m [36m[1m[vite][22m[39m [32mhmr update [39m[2m/src/styles/Global/AppHeader.css[22m
[2m14:27:59[22m [36m[1m[vite][22m[39m [32mhmr update [39m[2m/src/styles/Global/MenuBar.css[22m
[2m14:42:04[22m [36m[1m[vite][22m[39m [32mhmr update [39m[2m/src/App.jsx[22m
[2m14:42:04[22m [36m[1m[vite][22m[39m [32mhmr update [39m[2m/src/pages/App/Home.jsx[22m
[2m14:42:04[22m [36m[1m[vite][22m[39m [32mhmr update [39m[2m/src/styles/App/Home.css[22m
[2m14:50:18[22m [36m[1m[vite][22m[39m [32mhmr update [39m[2m/src/components/App/Global/InstallPrompt.jsx[22m
[2m14:50:27[22m [36m[1m[vite][22m[39m [32mhmr update [39m[2m/src/styles/Global/InstallPrompt.css[22m
[2m14:56:03[22m [36m[1m[vite][22m[39m [32mvite.config.js changed, restarting server...[39m
[2m14:56:03[22m [36m[1m[vite][22m[39m [32mpage reload [39m[2mindex.html[22m
[2m14:56:03[22m [36m[1m[vite][22m[39m server restarted.
[2m14:56:37[22m [36m[1m[vite][22m[39m [32mvite.config.js changed, restarting server...[39m
[2m14:56:37[22m [36m[1m[vite][22m[39m server restarted.
[2m15:02:35[22m [36m[1m[vite][22m[39m [32mpage reload [39m[2msrc/main.jsx[22m
[2m15:02:52[22m [36m[1m[vite][22m[39m [32mhmr update [39m[2m/src/App.jsx[22m
[2m15:03:04[22m [36m[1m[vite][22m[39m [32mhmr update [39m[2m/src/App.jsx[22m
[2m15:03:15[22m [36m[1m[vite][22m[39m [32mhmr update [39m[2m/src/components/App/Global/InstallPrompt.jsx[22m
[2m15:11:08[22m [36m[1m[vite][22m[39m [32mhmr update [39m[2m/src/App.jsx[22m
[2m15:13:13[22m [36m[1m[vite][22m[39m [32mhmr update [39m[2m/src/styles/App/Home.css[22m
[2m15:13:43[22m [36m[1m[vite][22m[39m [32mhmr update [39m[2m/src/styles/App/Home.css[22m
[2m15:15:38[22m [36m[1m[vite][22m[39m [32mhmr update [39m[2m/src/styles/App/Home.css[22m
[2m15:15:38[22m [36m[1m[vite][22m[39m [32mhmr update [39m[2m/src/styles/Global/AppHeader.css[22m
[2m15:16:07[22m [36m[1m[vite][22m[39m [32mhmr update [39m[2m/src/styles/App/Home.css[22m
[2m15:16:37[22m [36m[1m[vite][22m[39m [32mhmr update [39m[2m/src/styles/App/Home.css[22m
[2m15:18:04[22m [36m[1m[vite][22m[39m [32mhmr update [39m[2m/src/styles/App/Home.css[22m
[2m15:23:34[22m [36m[1m[vite][22m[39m [32mhmr update [39m[2m/src/styles/App/Home.css[22m
[2m15:23:34[22m [36m[1m[vite][22m[39m [32mhmr update [39m[2m/src/styles/Global/AppHeader.css[22m
[2m15:23:34[22m [36m[1m[vite][22m[39m [32mhmr update [39m[2m/src/styles/Global/MenuBar.css[22m
[2m16:03:13[22m [36m[1m[vite][22m[39m [32mhmr update [39m[2m/src/styles/App/Home.css[22m
[2m16:03:13[22m [36m[1m[vite][22m[39m [32mhmr update [39m[2m/src/styles/Global/AppHeader.css[22m
[2m16:03:13[22m [36m[1m[vite][22m[39m [32mhmr update [39m[2m/src/styles/App/Home.css[22m
[2m16:03:13[22m [36m[1m[vite][22m[39m [32mhmr update [39m[2m/src/styles/Global/MenuBar.css[22m
[2m16:05:04[22m [36m[1m[vite][22m[39m [32mhmr update [39m[2m/src/components/App/Home/ActivitiesList.jsx[22m
[2m16:08:27[22m [36m[1m[vite][22m[39m [32mhmr update [39m[2m/src/styles/App/Home.css[22m
[2m16:13:43[22m [36m[1m[vite][22m[39m [32mhmr update [39m[2m/src/pages/App/Home.jsx[22m
[2m16:13:52[22m [36m[1m[vite][22m[39m [32mhmr update [39m[2m/src/styles/App/Home.css[22m
[2m16:17:41[22m [36m[1m[vite][22m[39m [32mhmr update [39m[2m/src/components/App/Global/MenuBar.jsx[22m
[2m16:27:29[22m [36m[1m[vite][22m[39m [32mhmr update [39m[2m/src/pages/App/AdminTeamDashboard.jsx[22m
[2m16:27:42[22m [36m[1m[vite][22m[39m [32mhmr update [39m[2m/src/styles/App/TeamAccess.css[22m
[2m16:30:20[22m [36m[1m[vite][22m[39m [32mhmr update [39m[2m/src/styles/App/TeamAccess.css[22m
[2m16:30:27[22m [36m[1m[vite][22m[39m [32mhmr update [39m[2m/src/pages/App/AdminTeamDashboard.jsx[22m
[2m16:32:00[22m [36m[1m[vite][22m[39m [32mhmr update [39m[2m/src/pages/App/AdminTeamDashboard.jsx[22m
[2m16:36:21[22m [36m[1m[vite][22m[39m [32mhmr update [39m[2m/src/pages/App/AdminTeamDashboard.jsx[22m
[2m16:36:49[22m [36m[1m[vite][22m[39m [32mhmr update [39m[2m/src/pages/App/AdminTeamDashboard.jsx[22m
[2m16:37:34[22m [36m[1m[vite][22m[39m [32mhmr update [39m[2m/src/pages/App/AdminTeamDashboard.jsx[22m
[2m16:37:34[22m [36m[1m[vite][22m[39m [32mhmr update [39m[2m/src/pages/App/EmployeeWork.jsx[22m
[2m16:37:58[22m [36m[1m[vite][22m[39m [32mhmr update [39m[2m/src/pages/App/EmployeeWork.jsx[22m
[2m16:38:21[22m [36m[1m[vite][22m[39m [32mhmr update [39m[2m/src/styles/App/TeamAccess.css[22m
[2m16:39:00[22m [36m[1m[vite][22m[39m [32mhmr update [39m[2m/src/styles/App/TeamAccess.css[22m
[2m16:39:15[22m [36m[1m[vite][22m[39m [32mhmr update [39m[2m/src/pages/App/AdminTeamDashboard.jsx[22m
[2m16:40:03[22m [36m[1m[vite][22m[39m [32mhmr update [39m[2m/src/pages/App/AdminTeamDashboard.jsx[22m
[2m16:40:57[22m [36m[1m[vite][22m[39m [32mhmr update [39m[2m/src/pages/App/AdminTeamDashboard.jsx[22m
[2m16:40:57[22m [36m[1m[vite][22m[39m [32mhmr update [39m[2m/src/styles/App/TeamAccess.css[22m
[2m16:43:45[22m [36m[1m[vite][22m[39m [32mhmr update [39m[2m/src/components/App/Global/MenuBar.jsx[22m
[2m16:43:59[22m [36m[1m[vite][22m[39m [32mhmr update [39m[2m/src/pages/App/AdminTeamDashboard.jsx[22m
[2m16:44:21[22m [36m[1m[vite][22m[39m [32mhmr update [39m[2m/src/components/App/Global/MenuBar.jsx[22m
[2m16:44:21[22m [36m[1m[vite][22m[39m [32mhmr update [39m[2m/src/styles/Global/MenuBar.css[22m
[2m16:45:08[22m [36m[1m[vite][22m[39m [32mhmr update [39m[2m/src/components/App/Global/MenuBar.jsx[22m
[2m16:45:08[22m [36m[1m[vite][22m[39m [32mhmr update [39m[2m/src/pages/App/AdminTeamDashboard.jsx[22m
[2m16:53:43[22m [36m[1m[vite][22m[39m [32mhmr update [39m[2m/src/pages/App/Explore.jsx[22m
[2m16:53:43[22m [36m[1m[vite][22m[39m [32mhmr update [39m[2m/src/components/App/Explore/Diagnostico/DiagnosticoTab.jsx[22m
[2m16:54:10[22m [36m[1m[vite][22m[39m [32mhmr update [39m[2m/src/styles/App/Explore.css[22m
[2m16:55:43[22m [36m[1m[vite][22m[39m [32mhmr update [39m[2m/src/styles/App/Diagnostico.css[22m
[2m17:04:16[22m [36m[1m[vite][22m[39m [32mhmr update [39m[2m/src/styles/App/Diagnostico.css[22m
[2m17:06:04[22m [36m[1m[vite][22m[39m [32mhmr update [39m[2m/src/styles/App/Diagnostico.css[22m
[2m17:07:33[22m [36m[1m[vite][22m[39m [32mhmr update [39m[2m/src/styles/App/Diagnostico.css[22m
[2m17:09:26[22m [36m[1m[vite][22m[39m [32mhmr update [39m[2m/src/styles/App/Diagnostico.css[22m
[2m17:12:39[22m [36m[1m[vite][22m[39m [32mhmr update [39m[2m/src/styles/App/Explore.css[22m
[2m17:12:39[22m [36m[1m[vite][22m[39m [32mhmr update [39m[2m/src/styles/App/Diagnostico.css[22m
[2m17:12:39[22m [36m[1m[vite][22m[39m [32mhmr update [39m[2m/src/pages/App/Explore.jsx[22m
[2m17:17:01[22m [36m[1m[vite][22m[39m [32mhmr update [39m[2m/src/pages/App/Explore.jsx[22m
[2m17:17:01[22m [36m[1m[vite][22m[39m [32mhmr update [39m[2m/src/styles/App/Explore.css[22m
[2m17:18:52[22m [36m[1m[vite][22m[39m [32mhmr update [39m[2m/src/styles/App/Explore.css[22m
[2m17:23:22[22m [36m[1m[vite][22m[39m [32mhmr update [39m[2m/src/styles/App/Diagnostico.css[22m
[2m17:28:24[22m [36m[1m[vite][22m[39m [32mhmr update [39m[2m/src/components/App/Explore/Monitoramento/MonitoramentoView.jsx[22m
[2m17:28:24[22m [36m[1m[vite][22m[39m [32mhmr update [39m[2m/src/pages/App/Explore.jsx[22m
[2m17:28:25[22m [36m[1m[vite][22m[39m [32mhmr update [39m[2m/src/components/App/Explore/Monitoramento/UploadImage.jsx[22m
[2m17:30:35[22m [36m[1m[vite][22m[39m [32mhmr update [39m[2m/src/components/App/Explore/Monitoramento/MonitoramentoView.jsx, /src/components/App/Explore/Monitoramento/OverlayResult.jsx, /src/components/App/Explore/Monitoramento/AlertBanner.jsx, /src/components/App/Explore/Monitoramento/MetricsPanel.jsx, /src/components/App/Explore/Monitoramento/UploadImage.jsx[22m
[2m17:30:35[22m [36m[1m[vite][22m[39m [32mhmr update [39m[2m/src/styles/App/Explore.css[22m
[2m17:31:13[22m [36m[1m[vite][22m[39m [32mhmr update [39m[2m/src/pages/App/Explore.jsx[22m
[2m17:37:18[22m [36m[1m[vite][22m[39m [32mhmr update [39m[2m/src/components/App/Explore/Monitoramento/MonitoramentoView.jsx[22m
[2m17:37:18[22m [36m[1m[vite][22m[39m [32mhmr update [39m[2m/src/components/App/Explore/Monitoramento/MonitoramentoView.jsx, /src/components/App/Explore/Monitoramento/OverlayResult.jsx, /src/components/App/Explore/Monitoramento/AlertBanner.jsx, /src/components/App/Explore/Monitoramento/MetricsPanel.jsx, /src/components/App/Explore/Monitoramento/UploadImage.jsx[22m
[2m17:37:42[22m [36m[1m[vite][22m[39m [32mhmr update [39m[2m/src/components/App/Explore/Monitoramento/MonitoramentoView.jsx, /src/components/App/Explore/Monitoramento/OverlayResult.jsx, /src/components/App/Explore/Monitoramento/AlertBanner.jsx, /src/components/App/Explore/Monitoramento/MetricsPanel.jsx, /src/components/App/Explore/Monitoramento/UploadImage.jsx[22m
[2m17:39:35[22m [36m[1m[vite][22m[39m [32mhmr update [39m[2m/src/components/App/Explore/Monitoramento/MonitoramentoView.jsx, /src/components/App/Explore/Monitoramento/OverlayResult.jsx, /src/components/App/Explore/Monitoramento/AlertBanner.jsx, /src/components/App/Explore/Monitoramento/MetricsPanel.jsx, /src/components/App/Explore/Monitoramento/UploadImage.jsx[22m
[2m17:39:56[22m [36m[1m[vite][22m[39m [32mhmr update [39m[2m/src/components/App/Explore/Monitoramento/MonitoramentoView.jsx, /src/components/App/Explore/Monitoramento/OverlayResult.jsx, /src/components/App/Explore/Monitoramento/AlertBanner.jsx, /src/components/App/Explore/Monitoramento/MetricsPanel.jsx, /src/components/App/Explore/Monitoramento/UploadImage.jsx[22m
[2m17:41:50[22m [36m[1m[vite][22m[39m [32mhmr update [39m[2m/src/components/App/Explore/Monitoramento/MonitoramentoView.jsx, /src/components/App/Explore/Monitoramento/OverlayResult.jsx, /src/components/App/Explore/Monitoramento/AlertBanner.jsx, /src/components/App/Explore/Monitoramento/MetricsPanel.jsx, /src/components/App/Explore/Monitoramento/UploadImage.jsx[22m
[2m17:43:14[22m [36m[1m[vite][22m[39m [32mhmr update [39m[2m/src/components/App/Explore/Monitoramento/MonitoramentoView.jsx, /src/components/App/Explore/Monitoramento/OverlayResult.jsx, /src/components/App/Explore/Monitoramento/AlertBanner.jsx, /src/components/App/Explore/Monitoramento/MetricsPanel.jsx, /src/components/App/Explore/Monitoramento/UploadImage.jsx[22m
[2m17:44:27[22m [36m[1m[vite][22m[39m [32mhmr update [39m[2m/src/styles/App/Explore.css[22m
[2m17:46:36[22m [36m[1m[vite][22m[39m [32mhmr update [39m[2m/src/components/App/Explore/Monitoramento/MonitoramentoView.jsx, /src/components/App/Explore/Monitoramento/OverlayResult.jsx, /src/components/App/Explore/Monitoramento/AlertBanner.jsx, /src/components/App/Explore/Monitoramento/MetricsPanel.jsx, /src/components/App/Explore/Monitoramento/UploadImage.jsx[22m
[2m17:49:52[22m [36m[1m[vite][22m[39m [32mhmr update [39m[2m/src/components/App/Explore/Monitoramento/UploadImage.jsx[22m
[2m17:49:52[22m [36m[1m[vite][22m[39m [32mhmr update [39m[2m/src/components/App/Explore/Monitoramento/MonitoramentoView.jsx, /src/components/App/Explore/Monitoramento/OverlayResult.jsx, /src/components/App/Explore/Monitoramento/AlertBanner.jsx, /src/components/App/Explore/Monitoramento/MetricsPanel.jsx, /src/components/App/Explore/Monitoramento/UploadImage.jsx[22m
[2m17:51:54[22m [36m[1m[vite][22m[39m [32mhmr update [39m[2m/src/components/App/Explore/Monitoramento/MonitoramentoView.jsx[22m
[2m17:51:54[22m [36m[1m[vite][22m[39m [32mhmr update [39m[2m/src/components/App/Explore/Monitoramento/UploadImage.jsx[22m
[2m17:51:54[22m [36m[1m[vite][22m[39m [32mhmr update [39m[2m/src/components/App/Explore/Monitoramento/MonitoramentoView.jsx, /src/components/App/Explore/Monitoramento/OverlayResult.jsx, /src/components/App/Explore/Monitoramento/AlertBanner.jsx, /src/components/App/Explore/Monitoramento/MetricsPanel.jsx, /src/components/App/Explore/Monitoramento/UploadImage.jsx[22m
[2m17:54:21[22m [36m[1m[vite][22m[39m [32mhmr update [39m[2m/src/pages/App/Explore.jsx[22m
[2m17:54:21[22m [36m[1m[vite][22m[39m [32mhmr update [39m[2m/src/styles/App/Explore.css[22m
[2m18:00:52[22m [36m[1m[vite][22m[39m [32mhmr update [39m[2m/src/components/App/Explore/ClimaTab.jsx[22m
[2m18:00:52[22m [36m[1m[vite][22m[39m [32mhmr update [39m[2m/src/pages/App/Explore.jsx[22m
[2m18:00:52[22m [36m[1m[vite][22m[39m [32mhmr update [39m[2m/src/components/App/Explore/ClimaTab.jsx[22m
[2m18:02:03[22m [36m[1m[vite][22m[39m [32mhmr update [39m[2m/src/styles/App/Explore.css[22m
[2m18:12:06[22m [36m[1m[vite][22m[39m [32mhmr update [39m[2m/src/components/App/Explore/ClimaTab.jsx[22m
[2m18:21:04[22m [36m[1m[vite][22m[39m [32mhmr update [39m[2m/src/styles/App/Explore.css[22m
[2m18:21:05[22m [36m[1m[vite][22m[39m [32mhmr update [39m[2m/src/styles/App/Explore.css[22m
[2m18:23:02[22m [36m[1m[vite][22m[39m [32mhmr update [39m[2m/src/styles/App/Explore.css[22m
[2m18:29:55[22m [36m[1m[vite][22m[39m [32mhmr update [39m[2m/src/components/App/Explore/ClimaTab.jsx[22m
[2m18:34:55[22m [36m[1m[vite][22m[39m [32mhmr update [39m[2m/src/styles/App/Explore.css[22m
[2m18:40:40[22m [36m[1m[vite][22m[39m [32mhmr update [39m[2m/src/styles/App/Home.css[22m
[2m18:40:40[22m [36m[1m[vite][22m[39m [32mhmr update [39m[2m/src/styles/App/ClimaTab.css[22m
[2m18:46:01[22m [36m[1m[vite][22m[39m [32mhmr update [39m[2m/src/index.css[22m
[2m18:46:01[22m [36m[1m[vite][22m[39m [32mhmr update [39m[2m/src/index.css[22m
[2m18:46:01[22m [36m[1m[vite][22m[39m [32mhmr update [39m[2m/src/styles/App/Home.css[22m
[2m18:46:01[22m [36m[1m[vite][22m[39m [32mhmr update [39m[2m/src/styles/App/Diagnostico.css[22m
[2m18:46:01[22m [36m[1m[vite][22m[39m [32mhmr update [39m[2m/src/components/App/Explore/Monitoramento/MonitoramentoView.jsx, /src/components/App/Explore/Monitoramento/OverlayResult.jsx, /src/components/App/Explore/Monitoramento/AlertBanner.jsx, /src/components/App/Explore/Monitoramento/MetricsPanel.jsx, /src/components/App/Explore/Monitoramento/UploadImage.jsx[22m
[2m18:46:01[22m [36m[1m[vite][22m[39m [32mhmr update [39m[2m/src/styles/App/ClimaTab.css[22m
[2m18:46:01[22m [36m[1m[vite][22m[39m [32mhmr update [39m[2m/src/styles/App/DiarioTab.css[22m
[2m18:46:01[22m [36m[1m[vite][22m[39m [32mhmr update [39m[2m/src/styles/App/EstoqueTab.css[22m
[2m18:46:01[22m [36m[1m[vite][22m[39m [32mhmr update [39m[2m/src/styles/App/AtividadesTab.css[22m
[2m18:46:01[22m [36m[1m[vite][22m[39m [32mhmr update [39m[2m/src/styles/App/TeamAccess.css[22m
[2m18:46:01[22m [36m[1m[vite][22m[39m [32mhmr update [39m[2m/src/styles/App/Profile.css[22m
[2m18:46:01[22m [36m[1m[vite][22m[39m [32mhmr update [39m[2m/src/styles/App/Planos.css[22m
[2m18:46:01[22m [36m[1m[vite][22m[39m [32mhmr update [39m[2m/src/styles/App/MapaTab.css[22m
[2m18:46:01[22m [36m[1m[vite][22m[39m [32mhmr update [39m[2m/src/styles/App/Explore.css[22m
[2m18:47:56[22m [36m[1m[vite][22m[39m [32mhmr update [39m[2m/src/styles/Global/AppHeader.css[22m
[2m18:47:56[22m [36m[1m[vite][22m[39m [32mhmr update [39m[2m/src/styles/Global/MenuBar.css[22m
[2m18:47:56[22m [36m[1m[vite][22m[39m [32mhmr update [39m[2m/src/styles/App/Home.css[22m
[2m18:47:56[22m [36m[1m[vite][22m[39m [32mhmr update [39m[2m/src/styles/App/Planos.css[22m
[2m18:49:00[22m [36m[1m[vite][22m[39m [32mhmr update [39m[2m/src/styles/App/Diagnostico.css[22m
[2m18:51:10[22m [36m[1m[vite][22m[39m [32mhmr update [39m[2m/src/styles/App/Diagnostico.css[22m
[2m18:52:25[22m [36m[1m[vite][22m[39m [32mhmr update [39m[2m/src/styles/App/Diagnostico.css[22m
[2m18:52:25[22m [36m[1m[vite][22m[39m [32mhmr update [39m[2m/src/styles/App/Diagnostico.css[22m
[2m19:00:57[22m [36m[1m[vite][22m[39m [32mhmr update [39m[2m/src/components/App/Explore/Monitoramento/MonitoramentoView.jsx[22m
[2m19:00:57[22m [36m[1m[vite][22m[39m [32mhmr update [39m[2m/src/components/App/Explore/Monitoramento/MonitoramentoView.jsx[22m
[2m19:02:31[22m [36m[1m[vite][22m[39m [32mhmr update [39m[2m/src/components/App/Explore/Monitoramento/MonitoramentoView.jsx, /src/components/App/Explore/Monitoramento/OverlayResult.jsx, /src/components/App/Explore/Monitoramento/AlertBanner.jsx, /src/components/App/Explore/Monitoramento/MetricsPanel.jsx, /src/components/App/Explore/Monitoramento/UploadImage.jsx[22m
[2m19:04:52[22m [36m[1m[vite][22m[39m [32mhmr update [39m[2m/src/components/App/Explore/Monitoramento/MonitoramentoView.jsx[22m
[2m19:04:52[22m [36m[1m[vite][22m[39m [32mhmr update [39m[2m/src/components/App/Explore/Monitoramento/MonitoramentoView.jsx, /src/components/App/Explore/Monitoramento/OverlayResult.jsx, /src/components/App/Explore/Monitoramento/AlertBanner.jsx, /src/components/App/Explore/Monitoramento/MetricsPanel.jsx, /src/components/App/Explore/Monitoramento/UploadImage.jsx[22m
[2m19:13:37[22m [36m[1m[vite][22m[39m [32mhmr update [39m[2m/src/components/App/Explore/Monitoramento/MonitoramentoView.jsx, /src/components/App/Explore/Monitoramento/OverlayResult.jsx, /src/components/App/Explore/Monitoramento/AlertBanner.jsx, /src/components/App/Explore/Monitoramento/MetricsPanel.jsx, /src/components/App/Explore/Monitoramento/UploadImage.jsx[22m
[2m19:14:42[22m [36m[1m[vite][22m[39m [32mhmr update [39m[2m/src/components/App/Explore/Monitoramento/MonitoramentoView.jsx, /src/components/App/Explore/Monitoramento/OverlayResult.jsx, /src/components/App/Explore/Monitoramento/AlertBanner.jsx, /src/components/App/Explore/Monitoramento/MetricsPanel.jsx, /src/components/App/Explore/Monitoramento/UploadImage.jsx[22m
[2m19:18:39[22m [36m[1m[vite][22m[39m [32mhmr update [39m[2m/src/components/App/Explore/Monitoramento/MonitoramentoView.jsx, /src/components/App/Explore/Monitoramento/OverlayResult.jsx, /src/components/App/Explore/Monitoramento/AlertBanner.jsx, /src/components/App/Explore/Monitoramento/MetricsPanel.jsx, /src/components/App/Explore/Monitoramento/UploadImage.jsx[22m
[2m19:23:29[22m [36m[1m[vite][22m[39m [32mhmr update [39m[2m/src/components/App/Explore/Monitoramento/MonitoramentoView.jsx, /src/components/App/Explore/Monitoramento/OverlayResult.jsx, /src/components/App/Explore/Monitoramento/AlertBanner.jsx, /src/components/App/Explore/Monitoramento/MetricsPanel.jsx, /src/components/App/Explore/Monitoramento/UploadImage.jsx[22m
[2m19:32:42[22m [36m[1m[vite][22m[39m [32mhmr update [39m[2m/src/components/App/Explore/Monitoramento/UploadImage.jsx[22m
[2m19:32:42[22m [36m[1m[vite][22m[39m [32mhmr update [39m[2m/src/components/App/Explore/Monitoramento/MonitoramentoView.jsx[22m
[2m19:32:42[22m [36m[1m[vite][22m[39m [32mhmr update [39m[2m/src/components/App/Explore/Monitoramento/MonitoramentoView.jsx, /src/components/App/Explore/Monitoramento/OverlayResult.jsx, /src/components/App/Explore/Monitoramento/AlertBanner.jsx, /src/components/App/Explore/Monitoramento/MetricsPanel.jsx, /src/components/App/Explore/Monitoramento/UploadImage.jsx[22m
[2m19:33:26[22m [36m[1m[vite][22m[39m [32mhmr update [39m[2m/src/components/App/Explore/Monitoramento/MonitoramentoView.jsx[22m
